// Vitest Snapshot v1, https://vitest.dev/guide/snapshot.html

exports[`Rules Generator > should generate rules content matching snapshot > Rules Generator Content 1`] = `
"# Development Rules: A sample product for snapshot

# Coding Rules

## Code Style

1. Rule description...

## Architecture

1. Rule description...

## Security

1. Rule description..."
`;
